// Jest Snapshot v1, https://goo.gl/fbAQLP

exports[`<PhotoGallery /> shapshots should render 1`] = `
<div>
  <Gallery
    onClick={[Function]}
    photos={
      Array [
        Object {
          "caption": "Some title",
          "src": "http://some.url/tiny.jpg",
        },
        Object {
          "caption": "Some title",
          "src": "http://some.url/tiny.jpg",
        },
        Object {
          "caption": "Some title",
          "src": "http://some.url/tiny.jpg",
        },
        Object {
          "caption": "Some title",
          "src": "http://some.url/tiny.jpg",
        },
        Object {
          "caption": "Some title",
          "src": "http://some.url/tiny.jpg",
        },
        Object {
          "caption": "Some title",
          "src": "http://some.url/tiny.jpg",
        },
        Object {
          "caption": "Some title",
          "src": "http://some.url/tiny.jpg",
        },
        Object {
          "caption": "Some title",
          "src": "http://some.url/tiny.jpg",
        },
        Object {
          "caption": "Some title",
          "src": "http://some.url/tiny.jpg",
        },
        Object {
          "caption": "Some title",
          "src": "http://some.url/tiny.jpg",
        },
      ]
    }
  />
  <Lightbox
    currentImage={undefined}
    images={
      Array [
        Object {
          "caption": "Some title",
          "src": "http://some.url/hero.jpg",
        },
        Object {
          "caption": "Some title",
          "src": "http://some.url/hero.jpg",
        },
        Object {
          "caption": "Some title",
          "src": "http://some.url/hero.jpg",
        },
        Object {
          "caption": "Some title",
          "src": "http://some.url/hero.jpg",
        },
        Object {
          "caption": "Some title",
          "src": "http://some.url/hero.jpg",
        },
        Object {
          "caption": "Some title",
          "src": "http://some.url/hero.jpg",
        },
        Object {
          "caption": "Some title",
          "src": "http://some.url/hero.jpg",
        },
        Object {
          "caption": "Some title",
          "src": "http://some.url/hero.jpg",
        },
        Object {
          "caption": "Some title",
          "src": "http://some.url/hero.jpg",
        },
        Object {
          "caption": "Some title",
          "src": "http://some.url/hero.jpg",
        },
      ]
    }
    isOpen={false}
    onClickNext={[Function]}
    onClickPrev={[Function]}
    onClose={[Function]}
  />
</div>
`;

exports[`<PhotoGallery /> shapshots should render empty if gallery is undefined 1`] = `<div />`;

exports[`<PhotoGallery /> shapshots should render empty if gallery.photo has length of 0 1`] = `<div />`;

exports[`<PhotoGallery /> shapshots should render empty if gallery.photo is null 1`] = `<div />`;
