// Jest Snapshot v1, https://goo.gl/fbAQLP

exports[`<StaticCardList /> shapshots should not throw if items is undefined 1`] = `
<div
  className="cardList"
>
  
</div>
`;

exports[`<StaticCardList /> shapshots should render all of the items 1`] = `
<div
  className="cardList"
>
  <div
    className="fixed row"
  >
    <div
      className="card undefined"
      onClick={[Function]}
      style={undefined}
    >
      <div
        alwaysShow={true}
        className="imageContainer"
        showSpinner={true}
        src="https://gdb.voanews.com/3E1C440D-1C78-4B88-84F7-ECB12FB5B874_cx3_cy0_cw97_w500_r1.png"
      />
      <div
        className="gradient"
      >
        <div
          className="titleText"
        >
          <span>
             
            President Trump: From North Korea to Iran, we confront dangerous governments
          </span>
        </div>
      </div>
    </div>
  </div>
  <div
    className="fixed row"
  >
    <div
      className="card undefined"
      onClick={[Function]}
      style={undefined}
    >
      <div
        alwaysShow={true}
        className="imageContainer"
        showSpinner={true}
        src="https://gdb.voanews.com/3E1C440D-1C78-4B88-84F7-ECB12FB5B874_cx3_cy0_cw97_w500_r1.png"
      />
      <div
        className="gradient"
      >
        <div
          className="titleText"
        >
          <span>
             
            President Trump: From North Korea to Iran, we confront dangerous governments
          </span>
        </div>
      </div>
    </div>
  </div>
  <div
    className="fixed row"
  >
    <div
      className="card undefined"
      onClick={[Function]}
      style={undefined}
    >
      <div
        alwaysShow={true}
        className="imageContainer"
        showSpinner={true}
        src="https://gdb.voanews.com/3E1C440D-1C78-4B88-84F7-ECB12FB5B874_cx3_cy0_cw97_w500_r1.png"
      />
      <div
        className="gradient"
      >
        <div
          className="titleText"
        >
          <span>
             
            President Trump: From North Korea to Iran, we confront dangerous governments
          </span>
        </div>
      </div>
    </div>
  </div>
  <div
    className="fixed row"
  >
    <div
      className="card undefined"
      onClick={[Function]}
      style={undefined}
    >
      <div
        alwaysShow={true}
        className="imageContainer"
        showSpinner={true}
        src="https://gdb.voanews.com/3E1C440D-1C78-4B88-84F7-ECB12FB5B874_cx3_cy0_cw97_w500_r1.png"
      />
      <div
        className="gradient"
      >
        <div
          className="titleText"
        >
          <span>
             
            President Trump: From North Korea to Iran, we confront dangerous governments
          </span>
        </div>
      </div>
    </div>
  </div>
  <div
    className="fixed row"
  >
    <div
      className="card undefined"
      onClick={[Function]}
      style={undefined}
    >
      <div
        alwaysShow={true}
        className="imageContainer"
        showSpinner={true}
        src="https://gdb.voanews.com/3E1C440D-1C78-4B88-84F7-ECB12FB5B874_cx3_cy0_cw97_w500_r1.png"
      />
      <div
        className="gradient"
      >
        <div
          className="titleText"
        >
          <span>
             
            President Trump: From North Korea to Iran, we confront dangerous governments
          </span>
        </div>
      </div>
    </div>
  </div>
  <div
    className="fixed row"
  >
    <div
      className="card undefined"
      onClick={[Function]}
      style={undefined}
    >
      <div
        alwaysShow={true}
        className="imageContainer"
        showSpinner={true}
        src="https://gdb.voanews.com/3E1C440D-1C78-4B88-84F7-ECB12FB5B874_cx3_cy0_cw97_w500_r1.png"
      />
      <div
        className="gradient"
      >
        <div
          className="titleText"
        >
          <span>
             
            President Trump: From North Korea to Iran, we confront dangerous governments
          </span>
        </div>
      </div>
    </div>
  </div>
  <div
    className="fixed row"
  >
    <div
      className="card undefined"
      onClick={[Function]}
      style={undefined}
    >
      <div
        alwaysShow={true}
        className="imageContainer"
        showSpinner={true}
        src="https://gdb.voanews.com/3E1C440D-1C78-4B88-84F7-ECB12FB5B874_cx3_cy0_cw97_w500_r1.png"
      />
      <div
        className="gradient"
      >
        <div
          className="titleText"
        >
          <span>
             
            President Trump: From North Korea to Iran, we confront dangerous governments
          </span>
        </div>
      </div>
    </div>
  </div>
  <div
    className="fixed row"
  >
    <div
      className="card undefined"
      onClick={[Function]}
      style={undefined}
    >
      <div
        alwaysShow={true}
        className="imageContainer"
        showSpinner={true}
        src="https://gdb.voanews.com/3E1C440D-1C78-4B88-84F7-ECB12FB5B874_cx3_cy0_cw97_w500_r1.png"
      />
      <div
        className="gradient"
      >
        <div
          className="titleText"
        >
          <span>
             
            President Trump: From North Korea to Iran, we confront dangerous governments
          </span>
        </div>
      </div>
    </div>
  </div>
  <div
    className="fixed row"
  >
    <div
      className="card undefined"
      onClick={[Function]}
      style={undefined}
    >
      <div
        alwaysShow={true}
        className="imageContainer"
        showSpinner={true}
        src="https://gdb.voanews.com/3E1C440D-1C78-4B88-84F7-ECB12FB5B874_cx3_cy0_cw97_w500_r1.png"
      />
      <div
        className="gradient"
      >
        <div
          className="titleText"
        >
          <span>
             
            President Trump: From North Korea to Iran, we confront dangerous governments
          </span>
        </div>
      </div>
    </div>
  </div>
  <div
    className="fixed row"
  >
    <div
      className="card undefined"
      onClick={[Function]}
      style={undefined}
    >
      <div
        alwaysShow={true}
        className="imageContainer"
        showSpinner={true}
        src="https://gdb.voanews.com/3E1C440D-1C78-4B88-84F7-ECB12FB5B874_cx3_cy0_cw97_w500_r1.png"
      />
      <div
        className="gradient"
      >
        <div
          className="titleText"
        >
          <span>
             
            President Trump: From North Korea to Iran, we confront dangerous governments
          </span>
        </div>
      </div>
    </div>
  </div>
</div>
`;

exports[`<StaticCardList /> shapshots should render nothing if no items 1`] = `
<div
  className="cardList"
>
  
</div>
`;
