// Jest Snapshot v1, https://goo.gl/fbAQLP

exports[`<Loader /> shapshots should render only children without an error and not loading 1`] = `"This should show up"`;

exports[`<Loader /> shapshots should render the error text and retry button when an error has occurred 1`] = `
<div
  className="loader "
  style={undefined}
>
  An Error Occurred
  <button
    className="reloadButton"
    onClick={[Function]}
  >
    Retry
  </button>
</div>
`;

exports[`<Loader /> shapshots should render the spinner and background image when loading 1`] = `
<div
  className="loader "
  style={undefined}
>
  <resilient-image
    props={
      Object {
        "children": <div
          className="fader"
        />,
        "className": "backdrop",
        "defaultSrc": "some.png",
        "src": "some.png",
      }
    }
  >
    <div
      className="fader"
    />
  </resilient-image>
</div>
`;
