// Jest Snapshot v1, https://goo.gl/fbAQLP

exports[`<Ticket /> snapshots renders correctly 1`] = `
<RX.View
  onPress={[Function]}
  style={
    Object {
      "backgroundColor": "#DDD",
      "borderColor": "rgba(128, 128, 128, 0.5)",
      "borderRadius": 5,
      "borderWidth": 1,
      "elevation": 10,
      "flex": 1,
      "flexDirection": "row",
      "margin": 5,
      "minHeight": 100,
      "shadowColor": "#000",
      "shadowOffset": Object {
        "height": 10,
        "width": 0,
      },
      "shadowOpacity": 1,
      "shadowRadius": 10,
    }
  }
>
  <RX.Image
    resizeMethod="scale"
    resizeMode="cover"
    source="https://gdb.voanews.com/3E1C440D-1C78-4B88-84F7-ECB12FB5B874_cx3_cy0_cw97_w650_r1.png"
    style={
      Object {
        "flexShrink": 1,
        "minWidth": 133.33333333333334,
      }
    }
  />
  <RX.View
    style={
      Object {
        "flex": 1,
        "flexDirection": "column",
        "padding": 5,
        "paddingLeft": 8,
      }
    }
  >
    <RX.View
      style={
        Object {
          "flexDirection": "column",
          "flexGrow": 1,
          "justifyContent": "flex-start",
        }
      }
    >
      <RX.Text
        style={
          Object {
            "backgroundColor": "rgba(0, 0, 0, 0)",
            "color": "#000",
            "flexGrow": 1,
            "fontSize": 16,
            "fontWeight": "bold",
          }
        }
      >
        Pressident Trump: From North Korea to Iran, we confront dangerous governments
      </RX.Text>
    </RX.View>
    <RX.Text
      style={
        Object {
          "alignSelf": "flex-end",
          "backgroundColor": "rgba(0, 0, 0, 0)",
          "color": "#444",
          "flexShrink": 1,
          "paddingTop": 5,
        }
      }
    >
      15:08
    </RX.Text>
  </RX.View>
</RX.View>
`;
