// Jest Snapshot v1, https://goo.gl/fbAQLP

exports[`<TicketList /> shapshots should render only the necessary items 1`] = `
<div
  className="ticketList"
>
  <div
    aria-label="grid"
    aria-readonly={true}
    className="ReactVirtualized__Grid ReactVirtualized__List"
    id={undefined}
    onScroll={[Function]}
    role="grid"
    style={
      Object {
        "WebkitOverflowScrolling": "touch",
        "boxSizing": "border-box",
        "direction": "ltr",
        "height": 618,
        "overflowX": "hidden",
        "overflowY": "auto",
        "position": "relative",
        "width": 1024,
        "willChange": "transform",
      }
    }
    tabIndex={0}
  >
    <div
      className="ReactVirtualized__Grid__innerScrollContainer"
      role="rowgroup"
      style={
        Object {
          "height": 105000,
          "maxHeight": 105000,
          "maxWidth": 1024,
          "overflow": "hidden",
          "pointerEvents": "",
          "position": "relative",
          "width": "auto",
        }
      }
    >
      <div
        className="row"
        dir="ltr"
        style={
          Object {
            "height": 105,
            "left": 0,
            "position": "absolute",
            "top": 0,
            "width": "100%",
          }
        }
      >
        <div
          className="ticket"
          onClick={[Function]}
          style={
            Object {
              "height": 80,
              "padding": 12,
            }
          }
        >
          <div
            alwaysShow={true}
            className="imageArea"
            onLoadDone={[Function]}
            src="https://gdb.voanews.com/3E1C440D-1C78-4B88-84F7-ECB12FB5B874_cx3_cy0_cw97_w650_r1.png"
          />
          <div
            className="content"
          >
            <div
              className="textContent"
            >
              <div
                className="titleText"
              >
                President Trump: From North Korea to Iran, we confront dangerous governments
              </div>
            </div>
            <div
              className="minorText"
            >
              15:08
            </div>
          </div>
        </div>
      </div>
      <div
        className="row"
        dir="ltr"
        style={
          Object {
            "height": 105,
            "left": 0,
            "position": "absolute",
            "top": 105,
            "width": "100%",
          }
        }
      >
        <div
          className="ticket"
          onClick={[Function]}
          style={
            Object {
              "height": 80,
              "padding": 12,
            }
          }
        >
          <div
            alwaysShow={true}
            className="imageArea"
            onLoadDone={[Function]}
            src="https://gdb.voanews.com/3E1C440D-1C78-4B88-84F7-ECB12FB5B874_cx3_cy0_cw97_w650_r1.png"
          />
          <div
            className="content"
          >
            <div
              className="textContent"
            >
              <div
                className="titleText"
              >
                President Trump: From North Korea to Iran, we confront dangerous governments
              </div>
            </div>
            <div
              className="minorText"
            >
              15:08
            </div>
          </div>
        </div>
      </div>
      <div
        className="row"
        dir="ltr"
        style={
          Object {
            "height": 105,
            "left": 0,
            "position": "absolute",
            "top": 210,
            "width": "100%",
          }
        }
      >
        <div
          className="ticket"
          onClick={[Function]}
          style={
            Object {
              "height": 80,
              "padding": 12,
            }
          }
        >
          <div
            alwaysShow={true}
            className="imageArea"
            onLoadDone={[Function]}
            src="https://gdb.voanews.com/3E1C440D-1C78-4B88-84F7-ECB12FB5B874_cx3_cy0_cw97_w650_r1.png"
          />
          <div
            className="content"
          >
            <div
              className="textContent"
            >
              <div
                className="titleText"
              >
                President Trump: From North Korea to Iran, we confront dangerous governments
              </div>
            </div>
            <div
              className="minorText"
            >
              15:08
            </div>
          </div>
        </div>
      </div>
      <div
        className="row"
        dir="ltr"
        style={
          Object {
            "height": 105,
            "left": 0,
            "position": "absolute",
            "top": 315,
            "width": "100%",
          }
        }
      >
        <div
          className="ticket"
          onClick={[Function]}
          style={
            Object {
              "height": 80,
              "padding": 12,
            }
          }
        >
          <div
            alwaysShow={true}
            className="imageArea"
            onLoadDone={[Function]}
            src="https://gdb.voanews.com/3E1C440D-1C78-4B88-84F7-ECB12FB5B874_cx3_cy0_cw97_w650_r1.png"
          />
          <div
            className="content"
          >
            <div
              className="textContent"
            >
              <div
                className="titleText"
              >
                President Trump: From North Korea to Iran, we confront dangerous governments
              </div>
            </div>
            <div
              className="minorText"
            >
              15:08
            </div>
          </div>
        </div>
      </div>
      <div
        className="row"
        dir="ltr"
        style={
          Object {
            "height": 105,
            "left": 0,
            "position": "absolute",
            "top": 420,
            "width": "100%",
          }
        }
      >
        <div
          className="ticket"
          onClick={[Function]}
          style={
            Object {
              "height": 80,
              "padding": 12,
            }
          }
        >
          <div
            alwaysShow={true}
            className="imageArea"
            onLoadDone={[Function]}
            src="https://gdb.voanews.com/3E1C440D-1C78-4B88-84F7-ECB12FB5B874_cx3_cy0_cw97_w650_r1.png"
          />
          <div
            className="content"
          >
            <div
              className="textContent"
            >
              <div
                className="titleText"
              >
                President Trump: From North Korea to Iran, we confront dangerous governments
              </div>
            </div>
            <div
              className="minorText"
            >
              15:08
            </div>
          </div>
        </div>
      </div>
      <div
        className="row"
        dir="ltr"
        style={
          Object {
            "height": 105,
            "left": 0,
            "position": "absolute",
            "top": 525,
            "width": "100%",
          }
        }
      >
        <div
          className="ticket"
          onClick={[Function]}
          style={
            Object {
              "height": 80,
              "padding": 12,
            }
          }
        >
          <div
            alwaysShow={true}
            className="imageArea"
            onLoadDone={[Function]}
            src="https://gdb.voanews.com/3E1C440D-1C78-4B88-84F7-ECB12FB5B874_cx3_cy0_cw97_w650_r1.png"
          />
          <div
            className="content"
          >
            <div
              className="textContent"
            >
              <div
                className="titleText"
              >
                President Trump: From North Korea to Iran, we confront dangerous governments
              </div>
            </div>
            <div
              className="minorText"
            >
              15:08
            </div>
          </div>
        </div>
      </div>
      <div
        className="row"
        dir="ltr"
        style={
          Object {
            "height": 105,
            "left": 0,
            "position": "absolute",
            "top": 630,
            "width": "100%",
          }
        }
      >
        <div
          className="ticket"
          onClick={[Function]}
          style={
            Object {
              "height": 80,
              "padding": 12,
            }
          }
        >
          <div
            alwaysShow={true}
            className="imageArea"
            onLoadDone={[Function]}
            src="https://gdb.voanews.com/3E1C440D-1C78-4B88-84F7-ECB12FB5B874_cx3_cy0_cw97_w650_r1.png"
          />
          <div
            className="content"
          >
            <div
              className="textContent"
            >
              <div
                className="titleText"
              >
                President Trump: From North Korea to Iran, we confront dangerous governments
              </div>
            </div>
            <div
              className="minorText"
            >
              15:08
            </div>
          </div>
        </div>
      </div>
      <div
        className="row"
        dir="ltr"
        style={
          Object {
            "height": 105,
            "left": 0,
            "position": "absolute",
            "top": 735,
            "width": "100%",
          }
        }
      >
        <div
          className="ticket"
          onClick={[Function]}
          style={
            Object {
              "height": 80,
              "padding": 12,
            }
          }
        >
          <div
            alwaysShow={true}
            className="imageArea"
            onLoadDone={[Function]}
            src="https://gdb.voanews.com/3E1C440D-1C78-4B88-84F7-ECB12FB5B874_cx3_cy0_cw97_w650_r1.png"
          />
          <div
            className="content"
          >
            <div
              className="textContent"
            >
              <div
                className="titleText"
              >
                President Trump: From North Korea to Iran, we confront dangerous governments
              </div>
            </div>
            <div
              className="minorText"
            >
              15:08
            </div>
          </div>
        </div>
      </div>
      <div
        className="row"
        dir="ltr"
        style={
          Object {
            "height": 105,
            "left": 0,
            "position": "absolute",
            "top": 840,
            "width": "100%",
          }
        }
      >
        <div
          className="ticket"
          onClick={[Function]}
          style={
            Object {
              "height": 80,
              "padding": 12,
            }
          }
        >
          <div
            alwaysShow={true}
            className="imageArea"
            onLoadDone={[Function]}
            src="https://gdb.voanews.com/3E1C440D-1C78-4B88-84F7-ECB12FB5B874_cx3_cy0_cw97_w650_r1.png"
          />
          <div
            className="content"
          >
            <div
              className="textContent"
            >
              <div
                className="titleText"
              >
                President Trump: From North Korea to Iran, we confront dangerous governments
              </div>
            </div>
            <div
              className="minorText"
            >
              15:08
            </div>
          </div>
        </div>
      </div>
      <div
        className="row"
        dir="ltr"
        style={
          Object {
            "height": 105,
            "left": 0,
            "position": "absolute",
            "top": 945,
            "width": "100%",
          }
        }
      >
        <div
          className="ticket"
          onClick={[Function]}
          style={
            Object {
              "height": 80,
              "padding": 12,
            }
          }
        >
          <div
            alwaysShow={true}
            className="imageArea"
            onLoadDone={[Function]}
            src="https://gdb.voanews.com/3E1C440D-1C78-4B88-84F7-ECB12FB5B874_cx3_cy0_cw97_w650_r1.png"
          />
          <div
            className="content"
          >
            <div
              className="textContent"
            >
              <div
                className="titleText"
              >
                President Trump: From North Korea to Iran, we confront dangerous governments
              </div>
            </div>
            <div
              className="minorText"
            >
              15:08
            </div>
          </div>
        </div>
      </div>
      <div
        className="row"
        dir="ltr"
        style={
          Object {
            "height": 105,
            "left": 0,
            "position": "absolute",
            "top": 1050,
            "width": "100%",
          }
        }
      >
        <div
          className="ticket"
          onClick={[Function]}
          style={
            Object {
              "height": 80,
              "padding": 12,
            }
          }
        >
          <div
            alwaysShow={true}
            className="imageArea"
            onLoadDone={[Function]}
            src="https://gdb.voanews.com/3E1C440D-1C78-4B88-84F7-ECB12FB5B874_cx3_cy0_cw97_w650_r1.png"
          />
          <div
            className="content"
          >
            <div
              className="textContent"
            >
              <div
                className="titleText"
              >
                President Trump: From North Korea to Iran, we confront dangerous governments
              </div>
            </div>
            <div
              className="minorText"
            >
              15:08
            </div>
          </div>
        </div>
      </div>
      <div
        className="row"
        dir="ltr"
        style={
          Object {
            "height": 105,
            "left": 0,
            "position": "absolute",
            "top": 1155,
            "width": "100%",
          }
        }
      >
        <div
          className="ticket"
          onClick={[Function]}
          style={
            Object {
              "height": 80,
              "padding": 12,
            }
          }
        >
          <div
            alwaysShow={true}
            className="imageArea"
            onLoadDone={[Function]}
            src="https://gdb.voanews.com/3E1C440D-1C78-4B88-84F7-ECB12FB5B874_cx3_cy0_cw97_w650_r1.png"
          />
          <div
            className="content"
          >
            <div
              className="textContent"
            >
              <div
                className="titleText"
              >
                President Trump: From North Korea to Iran, we confront dangerous governments
              </div>
            </div>
            <div
              className="minorText"
            >
              15:08
            </div>
          </div>
        </div>
      </div>
      <div
        className="row"
        dir="ltr"
        style={
          Object {
            "height": 105,
            "left": 0,
            "position": "absolute",
            "top": 1260,
            "width": "100%",
          }
        }
      >
        <div
          className="ticket"
          onClick={[Function]}
          style={
            Object {
              "height": 80,
              "padding": 12,
            }
          }
        >
          <div
            alwaysShow={true}
            className="imageArea"
            onLoadDone={[Function]}
            src="https://gdb.voanews.com/3E1C440D-1C78-4B88-84F7-ECB12FB5B874_cx3_cy0_cw97_w650_r1.png"
          />
          <div
            className="content"
          >
            <div
              className="textContent"
            >
              <div
                className="titleText"
              >
                President Trump: From North Korea to Iran, we confront dangerous governments
              </div>
            </div>
            <div
              className="minorText"
            >
              15:08
            </div>
          </div>
        </div>
      </div>
      <div
        className="row"
        dir="ltr"
        style={
          Object {
            "height": 105,
            "left": 0,
            "position": "absolute",
            "top": 1365,
            "width": "100%",
          }
        }
      >
        <div
          className="ticket"
          onClick={[Function]}
          style={
            Object {
              "height": 80,
              "padding": 12,
            }
          }
        >
          <div
            alwaysShow={true}
            className="imageArea"
            onLoadDone={[Function]}
            src="https://gdb.voanews.com/3E1C440D-1C78-4B88-84F7-ECB12FB5B874_cx3_cy0_cw97_w650_r1.png"
          />
          <div
            className="content"
          >
            <div
              className="textContent"
            >
              <div
                className="titleText"
              >
                President Trump: From North Korea to Iran, we confront dangerous governments
              </div>
            </div>
            <div
              className="minorText"
            >
              15:08
            </div>
          </div>
        </div>
      </div>
      <div
        className="row"
        dir="ltr"
        style={
          Object {
            "height": 105,
            "left": 0,
            "position": "absolute",
            "top": 1470,
            "width": "100%",
          }
        }
      >
        <div
          className="ticket"
          onClick={[Function]}
          style={
            Object {
              "height": 80,
              "padding": 12,
            }
          }
        >
          <div
            alwaysShow={true}
            className="imageArea"
            onLoadDone={[Function]}
            src="https://gdb.voanews.com/3E1C440D-1C78-4B88-84F7-ECB12FB5B874_cx3_cy0_cw97_w650_r1.png"
          />
          <div
            className="content"
          >
            <div
              className="textContent"
            >
              <div
                className="titleText"
              >
                President Trump: From North Korea to Iran, we confront dangerous governments
              </div>
            </div>
            <div
              className="minorText"
            >
              15:08
            </div>
          </div>
        </div>
      </div>
      <div
        className="row"
        dir="ltr"
        style={
          Object {
            "height": 105,
            "left": 0,
            "position": "absolute",
            "top": 1575,
            "width": "100%",
          }
        }
      >
        <div
          className="ticket"
          onClick={[Function]}
          style={
            Object {
              "height": 80,
              "padding": 12,
            }
          }
        >
          <div
            alwaysShow={true}
            className="imageArea"
            onLoadDone={[Function]}
            src="https://gdb.voanews.com/3E1C440D-1C78-4B88-84F7-ECB12FB5B874_cx3_cy0_cw97_w650_r1.png"
          />
          <div
            className="content"
          >
            <div
              className="textContent"
            >
              <div
                className="titleText"
              >
                President Trump: From North Korea to Iran, we confront dangerous governments
              </div>
            </div>
            <div
              className="minorText"
            >
              15:08
            </div>
          </div>
        </div>
      </div>
    </div>
  </div>
</div>
`;

exports[`<TicketList /> shapshots should render the empty content if no items 1`] = `
<div
  className="ticketList"
>
  I am empty
</div>
`;
