// Jest Snapshot v1, https://goo.gl/fbAQLP

exports[`<DefaultList /> shapshots should not throw if items is undefined 1`] = `
<div
  className="defaultList "
  style={undefined}
>
  
</div>
`;

exports[`<DefaultList /> shapshots should render all of the items 1`] = `
<div
  className="defaultList "
  style={undefined}
>
  <react-virtualized-list
    height={618}
    rowCount={9}
    rowHeight={[Function]}
    rowRenderer={[Function]}
    width={1024}
  >
    <div
      className="row"
      dir="ltr"
      style={Object {}}
    />
    <div
      className="row"
      dir="ltr"
      style={Object {}}
    />
    <div
      className="ticketRow"
      dir="ltr"
      style={Object {}}
    />
    <div
      className="ticketRow"
      dir="ltr"
      style={Object {}}
    />
    <div
      className="ticketRow"
      dir="ltr"
      style={Object {}}
    />
  </react-virtualized-list>
</div>
`;

exports[`<DefaultList /> shapshots should render nothing if no items 1`] = `
<div
  className="defaultList "
  style={undefined}
>
  
</div>
`;
