// Jest Snapshot v1, https://goo.gl/fbAQLP

exports[`<DefaultList /> shapshots should not throw if items is undefined 1`] = `
<div
  className="defaultList "
  style={undefined}
>
  
</div>
`;

exports[`<DefaultList /> shapshots should render all of the items 1`] = `
<div
  className="defaultList "
  style={undefined}
>
  <div
    aria-label="grid"
    aria-readonly={true}
    className="ReactVirtualized__Grid ReactVirtualized__List"
    id={undefined}
    onScroll={[Function]}
    role="grid"
    style={
      Object {
        "WebkitOverflowScrolling": "touch",
        "boxSizing": "border-box",
        "direction": "ltr",
        "height": 618,
        "overflowX": "hidden",
        "overflowY": "auto",
        "position": "relative",
        "width": 1024,
        "willChange": "transform",
      }
    }
    tabIndex={0}
  >
    <div
      className="ReactVirtualized__Grid__innerScrollContainer"
      role="rowgroup"
      style={
        Object {
          "height": 1685.68,
          "maxHeight": 1685.68,
          "maxWidth": 1024,
          "overflow": "hidden",
          "pointerEvents": "",
          "position": "relative",
          "width": "auto",
        }
      }
    >
      <div
        className="row"
        dir="ltr"
        style={
          Object {
            "height": 587,
            "left": 0,
            "position": "absolute",
            "top": 0,
            "width": "100%",
          }
        }
      >
        <div
          className="card undefined"
          onClick={[Function]}
          style={undefined}
        >
          <div
            alwaysShow={true}
            className="imageContainer"
            showSpinner={true}
            src="https://gdb.voanews.com/3E1C440D-1C78-4B88-84F7-ECB12FB5B874_cx3_cy0_cw97_w500_r1.png"
          />
          <div
            className="gradient"
          >
            <div
              className="titleText"
            >
              <span>
                 
                President Trump: From North Korea to Iran, we confront dangerous governments
              </span>
            </div>
          </div>
        </div>
      </div>
      <div
        className="row"
        dir="ltr"
        style={
          Object {
            "height": 363.68,
            "left": 0,
            "position": "absolute",
            "top": 587,
            "width": "100%",
          }
        }
      >
        <div
          className="secondaryCard undefined"
          onClick={[Function]}
          style={undefined}
        >
          <div
            alwaysShow={true}
            className="imageContainer"
            src="https://gdb.voanews.com/3E1C440D-1C78-4B88-84F7-ECB12FB5B874_cx3_cy0_cw97_w250_r1.png"
          />
          <div
            className="titleText"
          >
             
            President Trump: From North Korea to Iran, we confront dangerous governments
          </div>
        </div>
        <div
          className="secondaryCard undefined"
          onClick={[Function]}
          style={undefined}
        >
          <div
            alwaysShow={true}
            className="imageContainer"
            src="https://gdb.voanews.com/3E1C440D-1C78-4B88-84F7-ECB12FB5B874_cx3_cy0_cw97_w250_r1.png"
          />
          <div
            className="titleText"
          >
             
            President Trump: From North Korea to Iran, we confront dangerous governments
          </div>
        </div>
      </div>
      <div
        className="ticketRow"
        dir="ltr"
        style={
          Object {
            "height": 105,
            "left": 0,
            "position": "absolute",
            "top": 950.6800000000001,
            "width": "100%",
          }
        }
      >
        <div
          className="ticket"
          onClick={[Function]}
          style={
            Object {
              "height": 80,
              "padding": 12,
            }
          }
        >
          <div
            alwaysShow={true}
            className="imageArea"
            onLoadDone={[Function]}
            src="https://gdb.voanews.com/3E1C440D-1C78-4B88-84F7-ECB12FB5B874_cx3_cy0_cw97_w125_r1.png"
          />
          <div
            className="content"
          >
            <div
              className="textContent"
            >
              <div
                className="titleText"
              >
                President Trump: From North Korea to Iran, we confront dangerous governments
              </div>
            </div>
            <div
              className="minorText"
            >
              15:08
            </div>
          </div>
        </div>
      </div>
      <div
        className="ticketRow"
        dir="ltr"
        style={
          Object {
            "height": 105,
            "left": 0,
            "position": "absolute",
            "top": 1055.68,
            "width": "100%",
          }
        }
      >
        <div
          className="ticket"
          onClick={[Function]}
          style={
            Object {
              "height": 80,
              "padding": 12,
            }
          }
        >
          <div
            alwaysShow={true}
            className="imageArea"
            onLoadDone={[Function]}
            src="https://gdb.voanews.com/3E1C440D-1C78-4B88-84F7-ECB12FB5B874_cx3_cy0_cw97_w125_r1.png"
          />
          <div
            className="content"
          >
            <div
              className="textContent"
            >
              <div
                className="titleText"
              >
                President Trump: From North Korea to Iran, we confront dangerous governments
              </div>
            </div>
            <div
              className="minorText"
            >
              15:08
            </div>
          </div>
        </div>
      </div>
      <div
        className="ticketRow"
        dir="ltr"
        style={
          Object {
            "height": 105,
            "left": 0,
            "position": "absolute",
            "top": 1160.68,
            "width": "100%",
          }
        }
      >
        <div
          className="ticket"
          onClick={[Function]}
          style={
            Object {
              "height": 80,
              "padding": 12,
            }
          }
        >
          <div
            alwaysShow={true}
            className="imageArea"
            onLoadDone={[Function]}
            src="https://gdb.voanews.com/3E1C440D-1C78-4B88-84F7-ECB12FB5B874_cx3_cy0_cw97_w125_r1.png"
          />
          <div
            className="content"
          >
            <div
              className="textContent"
            >
              <div
                className="titleText"
              >
                President Trump: From North Korea to Iran, we confront dangerous governments
              </div>
            </div>
            <div
              className="minorText"
            >
              15:08
            </div>
          </div>
        </div>
      </div>
      <div
        className="ticketRow"
        dir="ltr"
        style={
          Object {
            "height": 105,
            "left": 0,
            "position": "absolute",
            "top": 1265.68,
            "width": "100%",
          }
        }
      >
        <div
          className="ticket"
          onClick={[Function]}
          style={
            Object {
              "height": 80,
              "padding": 12,
            }
          }
        >
          <div
            alwaysShow={true}
            className="imageArea"
            onLoadDone={[Function]}
            src="https://gdb.voanews.com/3E1C440D-1C78-4B88-84F7-ECB12FB5B874_cx3_cy0_cw97_w125_r1.png"
          />
          <div
            className="content"
          >
            <div
              className="textContent"
            >
              <div
                className="titleText"
              >
                President Trump: From North Korea to Iran, we confront dangerous governments
              </div>
            </div>
            <div
              className="minorText"
            >
              15:08
            </div>
          </div>
        </div>
      </div>
      <div
        className="ticketRow"
        dir="ltr"
        style={
          Object {
            "height": 105,
            "left": 0,
            "position": "absolute",
            "top": 1370.68,
            "width": "100%",
          }
        }
      >
        <div
          className="ticket"
          onClick={[Function]}
          style={
            Object {
              "height": 80,
              "padding": 12,
            }
          }
        >
          <div
            alwaysShow={true}
            className="imageArea"
            onLoadDone={[Function]}
            src="https://gdb.voanews.com/3E1C440D-1C78-4B88-84F7-ECB12FB5B874_cx3_cy0_cw97_w125_r1.png"
          />
          <div
            className="content"
          >
            <div
              className="textContent"
            >
              <div
                className="titleText"
              >
                President Trump: From North Korea to Iran, we confront dangerous governments
              </div>
            </div>
            <div
              className="minorText"
            >
              15:08
            </div>
          </div>
        </div>
      </div>
      <div
        className="ticketRow"
        dir="ltr"
        style={
          Object {
            "height": 105,
            "left": 0,
            "position": "absolute",
            "top": 1475.68,
            "width": "100%",
          }
        }
      >
        <div
          className="ticket"
          onClick={[Function]}
          style={
            Object {
              "height": 80,
              "padding": 12,
            }
          }
        >
          <div
            alwaysShow={true}
            className="imageArea"
            onLoadDone={[Function]}
            src="https://gdb.voanews.com/3E1C440D-1C78-4B88-84F7-ECB12FB5B874_cx3_cy0_cw97_w125_r1.png"
          />
          <div
            className="content"
          >
            <div
              className="textContent"
            >
              <div
                className="titleText"
              >
                President Trump: From North Korea to Iran, we confront dangerous governments
              </div>
            </div>
            <div
              className="minorText"
            >
              15:08
            </div>
          </div>
        </div>
      </div>
      <div
        className="ticketRow"
        dir="ltr"
        style={
          Object {
            "height": 105,
            "left": 0,
            "position": "absolute",
            "top": 1580.68,
            "width": "100%",
          }
        }
      >
        <div
          className="ticket"
          onClick={[Function]}
          style={
            Object {
              "height": 80,
              "padding": 12,
            }
          }
        >
          <div
            alwaysShow={true}
            className="imageArea"
            onLoadDone={[Function]}
            src="https://gdb.voanews.com/3E1C440D-1C78-4B88-84F7-ECB12FB5B874_cx3_cy0_cw97_w125_r1.png"
          />
          <div
            className="content"
          >
            <div
              className="textContent"
            >
              <div
                className="titleText"
              >
                President Trump: From North Korea to Iran, we confront dangerous governments
              </div>
            </div>
            <div
              className="minorText"
            >
              15:08
            </div>
          </div>
        </div>
      </div>
    </div>
  </div>
</div>
`;

exports[`<DefaultList /> shapshots should render nothing if no items 1`] = `
<div
  className="defaultList "
  style={undefined}
>
  
</div>
`;
