// Jest Snapshot v1, https://goo.gl/fbAQLP

exports[`<Spinner /> shapshots should render 1`] = `
<div
  className="resilientImage "
  onClick={[Function]}
  style={undefined}
>
  <img
    className="imageContent"
    src="https://some.url/something.png"
  />
</div>
`;

exports[`<Spinner /> shapshots should render a zero-size div if offline 1`] = `
<div
  style={
    Object {
      "height": 0,
      "width": 0,
    }
  }
/>
`;
