// Jest Snapshot v1, https://goo.gl/fbAQLP

exports[`<ResilientImage /> shapshots should render a zero-size div if offline 1`] = `
<div
  style={
    Object {
      "height": 0,
      "width": 0,
    }
  }
/>
`;

exports[`<ResilientImage /> shapshots should render the default image if alwaysShow is true 1`] = `
<div
  className="resilientImage "
  onClick={[Function]}
  style={undefined}
>
  <img
    className="imageContent"
    src="Some File"
  />
</div>
`;
